Compiling the C compiler identification source file "CMakeCCompilerId.c" failed.
Compiler: /home/coder/.espressif/tools/riscv32-esp-elf/esp-15.2.0_20251204/riscv32-esp-elf/bin/riscv32-esp-elf-gcc 
Build flags: @"/workspace/hello-p4/build/toolchain/cflags"
Id flags:  

The output was:
1
/home/coder/.espressif/tools/riscv32-esp-elf/esp-15.2.0_20251204/riscv32-esp-elf/bin/../lib/gcc/riscv32-esp-elf/15.2.0/../../../../riscv32-esp-elf/bin/ld: cannot find @"/workspace/hello-p4/build/toolchain/cflags": No such file or directory
/home/coder/.espressif/tools/riscv32-esp-elf/esp-15.2.0_20251204/riscv32-esp-elf/bin/../lib/gcc/riscv32-esp-elf/15.2.0/../../../../riscv32-esp-elf/bin/ld: /home/coder/.espressif/tools/riscv32-esp-elf/esp-15.2.0_20251204/riscv32-esp-elf/bin/../lib/gcc/riscv32-esp-elf/15.2.0/../../../../riscv32-esp-elf/lib/libc.a(libc_a-closer.o): in function `_close_r':
/builds/idf/crosstool-NG/.build/riscv32-esp-elf/src/newlib/newlib/libc/reent/closer.c:47:(.text._close_r+0x14): warning: _close is not implemented and will always fail
/home/coder/.espressif/tools/riscv32-esp-elf/esp-15.2.0_20251204/riscv32-esp-elf/bin/../lib/gcc/riscv32-esp-elf/15.2.0/../../../../riscv32-esp-elf/bin/ld: /home/coder/.espressif/tools/riscv32-esp-elf/esp-15.2.0_20251204/riscv32-esp-elf/bin/../lib/gcc/riscv32-esp-elf/15.2.0/../../../../riscv32-esp-elf/lib/libc.a(libc_a-lseekr.o): in function `_lseek_r':
/builds/idf/crosstool-NG/.build/riscv32-esp-elf/src/newlib/newlib/libc/reent/lseekr.c:49:(.text._lseek_r+0x18): warning: _lseek is not implemented and will always fail
/home/coder/.espressif/tools/riscv32-esp-elf/esp-15.2.0_20251204/riscv32-esp-elf/bin/../lib/gcc/riscv32-esp-elf/15.2.0/../../../../riscv32-esp-elf/bin/ld: /home/coder/.espressif/tools/riscv32-esp-elf/esp-15.2.0_20251204/riscv32-esp-elf/bin/../lib/gcc/riscv32-esp-elf/15.2.0/../../../../riscv32-esp-elf/lib/libc.a(libc_a-readr.o): in function `_read_r':
/builds/idf/crosstool-NG/.build/riscv32-esp-elf/src/newlib/newlib/libc/reent/readr.c:49:(.text._read_r+0x18): warning: _read is not implemented and will always fail
/home/coder/.espressif/tools/riscv32-esp-elf/esp-15.2.0_20251204/riscv32-esp-elf/bin/../lib/gcc/riscv32-esp-elf/15.2.0/../../../../riscv32-esp-elf/bin/ld: /home/coder/.espressif/tools/riscv32-esp-elf/esp-15.2.0_20251204/riscv32-esp-elf/bin/../lib/gcc/riscv32-esp-elf/15.2.0/../../../../riscv32-esp-elf/lib/libc.a(libc_a-writer.o): in function `_write_r':
/builds/idf/crosstool-NG/.build/riscv32-esp-elf/src/newlib/newlib/libc/reent/writer.c:49:(.text._write_r+0x18): warning: _write is not implemented and will always fail
/home/coder/.espressif/tools/riscv32-esp-elf/esp-15.2.0_20251204/riscv32-esp-elf/bin/../lib/gcc/riscv32-esp-elf/15.2.0/../../../../riscv32-esp-elf/bin/ld: /home/coder/.espressif/tools/riscv32-esp-elf/esp-15.2.0_20251204/riscv32-esp-elf/bin/../lib/gcc/riscv32-esp-elf/15.2.0/../../../../riscv32-esp-elf/lib/libc.a(libc_a-fclose.o): in function `fclose':
/builds/idf/crosstool-NG/.build/riscv32-esp-elf/src/newlib/newlib/libc/stdio/fclose.c:125:(.text.fclose+0x6): warning: __getreent is not implemented and will always fail
collect2: error: ld returned 1 exit status


Compiling the C compiler identification source file "CMakeCCompilerId.c" failed.
Compiler: /home/coder/.espressif/tools/riscv32-esp-elf/esp-15.2.0_20251204/riscv32-esp-elf/bin/riscv32-esp-elf-gcc 
Build flags: @"/workspace/hello-p4/build/toolchain/cflags"
Id flags: -c 

The output was:
1
riscv32-esp-elf-gcc: warning: @"/workspace/hello-p4/build/toolchain/cflags": linker input file unused because linking not done
riscv32-esp-elf-gcc: error: @"/workspace/hello-p4/build/toolchain/cflags": linker input file not found: No such file or directory


Compiling the C compiler identification source file "CMakeCCompilerId.c" failed.
Compiler: /home/coder/.espressif/tools/riscv32-esp-elf/esp-15.2.0_20251204/riscv32-esp-elf/bin/riscv32-esp-elf-gcc 
Build flags: @"/workspace/hello-p4/build/toolchain/cflags"
Id flags: -Aa 

The output was:
1
<command-line>: error: missing '(' after predicate


Compiling the C compiler identification source file "CMakeCCompilerId.c" failed.
Compiler: /home/coder/.espressif/tools/riscv32-esp-elf/esp-15.2.0_20251204/riscv32-esp-elf/bin/riscv32-esp-elf-gcc 
Build flags: @"/workspace/hello-p4/build/toolchain/cflags"
Id flags: -D__CLASSIC_C__ 

The output was:
1
CMakeCCompilerId.c: In function 'main':
CMakeCCompilerId.c:774:5: warning: old-style function definition [-Wold-style-definition]
  774 | int main(argc, argv) int argc; char *argv[];
      |     ^~~~
/home/coder/.espressif/tools/riscv32-esp-elf/esp-15.2.0_20251204/riscv32-esp-elf/bin/../lib/gcc/riscv32-esp-elf/15.2.0/../../../../riscv32-esp-elf/bin/ld: cannot find @"/workspace/hello-p4/build/toolchain/cflags": No such file or directory
/home/coder/.espressif/tools/riscv32-esp-elf/esp-15.2.0_20251204/riscv32-esp-elf/bin/../lib/gcc/riscv32-esp-elf/15.2.0/../../../../riscv32-esp-elf/bin/ld: /home/coder/.espressif/tools/riscv32-esp-elf/esp-15.2.0_20251204/riscv32-esp-elf/bin/../lib/gcc/riscv32-esp-elf/15.2.0/../../../../riscv32-esp-elf/lib/libc.a(libc_a-closer.o): in function `_close_r':
/builds/idf/crosstool-NG/.build/riscv32-esp-elf/src/newlib/newlib/libc/reent/closer.c:47:(.text._close_r+0x14): warning: _close is not implemented and will always fail
/home/coder/.espressif/tools/riscv32-esp-elf/esp-15.2.0_20251204/riscv32-esp-elf/bin/../lib/gcc/riscv32-esp-elf/15.2.0/../../../../riscv32-esp-elf/bin/ld: /home/coder/.espressif/tools/riscv32-esp-elf/esp-15.2.0_20251204/riscv32-esp-elf/bin/../lib/gcc/riscv32-esp-elf/15.2.0/../../../../riscv32-esp-elf/lib/libc.a(libc_a-lseekr.o): in function `_lseek_r':
/builds/idf/crosstool-NG/.build/riscv32-esp-elf/src/newlib/newlib/libc/reent/lseekr.c:49:(.text._lseek_r+0x18): warning: _lseek is not implemented and will always fail
/home/coder/.espressif/tools/riscv32-esp-elf/esp-15.2.0_20251204/riscv32-esp-elf/bin/../lib/gcc/riscv32-esp-elf/15.2.0/../../../../riscv32-esp-elf/bin/ld: /home/coder/.espressif/tools/riscv32-esp-elf/esp-15.2.0_20251204/riscv32-esp-elf/bin/../lib/gcc/riscv32-esp-elf/15.2.0/../../../../riscv32-esp-elf/lib/libc.a(libc_a-readr.o): in function `_read_r':
/builds/idf/crosstool-NG/.build/riscv32-esp-elf/src/newlib/newlib/libc/reent/readr.c:49:(.text._read_r+0x18): warning: _read is not implemented and will always fail
/home/coder/.espressif/tools/riscv32-esp-elf/esp-15.2.0_20251204/riscv32-esp-elf/bin/../lib/gcc/riscv32-esp-elf/15.2.0/../../../../riscv32-esp-elf/bin/ld: /home/coder/.espressif/tools/riscv32-esp-elf/esp-15.2.0_20251204/riscv32-esp-elf/bin/../lib/gcc/riscv32-esp-elf/15.2.0/../../../../riscv32-esp-elf/lib/libc.a(libc_a-writer.o): in function `_write_r':
/builds/idf/crosstool-NG/.build/riscv32-esp-elf/src/newlib/newlib/libc/reent/writer.c:49:(.text._write_r+0x18): warning: _write is not implemented and will always fail
/home/coder/.espressif/tools/riscv32-esp-elf/esp-15.2.0_20251204/riscv32-esp-elf/bin/../lib/gcc/riscv32-esp-elf/15.2.0/../../../../riscv32-esp-elf/bin/ld: /home/coder/.espressif/tools/riscv32-esp-elf/esp-15.2.0_20251204/riscv32-esp-elf/bin/../lib/gcc/riscv32-esp-elf/15.2.0/../../../../riscv32-esp-elf/lib/libc.a(libc_a-fclose.o): in function `fclose':
/builds/idf/crosstool-NG/.build/riscv32-esp-elf/src/newlib/newlib/libc/stdio/fclose.c:125:(.text.fclose+0x6): warning: __getreent is not implemented and will always fail
collect2: error: ld returned 1 exit status


Compiling the C compiler identification source file "CMakeCCompilerId.c" failed.
Compiler: /home/coder/.espressif/tools/riscv32-esp-elf/esp-15.2.0_20251204/riscv32-esp-elf/bin/riscv32-esp-elf-gcc 
Build flags: @"/workspace/hello-p4/build/toolchain/cflags"
Id flags: --target=arm-arm-none-eabi;-mcpu=cortex-m3 

The output was:
1
riscv32-esp-elf-gcc: error: unrecognized command-line option '--target=arm-arm-none-eabi'


Compiling the C compiler identification source file "CMakeCCompilerId.c" failed.
Compiler: /home/coder/.espressif/tools/riscv32-esp-elf/esp-15.2.0_20251204/riscv32-esp-elf/bin/riscv32-esp-elf-gcc 
Build flags: @"/workspace/hello-p4/build/toolchain/cflags"
Id flags: -c;-I__does_not_exist__ 

The output was:
1
riscv32-esp-elf-gcc: warning: @"/workspace/hello-p4/build/toolchain/cflags": linker input file unused because linking not done
riscv32-esp-elf-gcc: error: @"/workspace/hello-p4/build/toolchain/cflags": linker input file not found: No such file or directory


Compiling the CXX compiler identification source file "CMakeCXXCompilerId.cpp" failed.
Compiler: /home/coder/.espressif/tools/riscv32-esp-elf/esp-15.2.0_20251204/riscv32-esp-elf/bin/riscv32-esp-elf-g++ 
Build flags: @"/workspace/hello-p4/build/toolchain/cxxflags"
Id flags:  

The output was:
1
/home/coder/.espressif/tools/riscv32-esp-elf/esp-15.2.0_20251204/riscv32-esp-elf/bin/../lib/gcc/riscv32-esp-elf/15.2.0/../../../../riscv32-esp-elf/bin/ld: cannot find @"/workspace/hello-p4/build/toolchain/cxxflags": No such file or directory
/home/coder/.espressif/tools/riscv32-esp-elf/esp-15.2.0_20251204/riscv32-esp-elf/bin/../lib/gcc/riscv32-esp-elf/15.2.0/../../../../riscv32-esp-elf/bin/ld: /home/coder/.espressif/tools/riscv32-esp-elf/esp-15.2.0_20251204/riscv32-esp-elf/bin/../lib/gcc/riscv32-esp-elf/15.2.0/../../../../riscv32-esp-elf/lib/libc.a(libc_a-closer.o): in function `_close_r':
/builds/idf/crosstool-NG/.build/riscv32-esp-elf/src/newlib/newlib/libc/reent/closer.c:47:(.text._close_r+0x14): warning: _close is not implemented and will always fail
/home/coder/.espressif/tools/riscv32-esp-elf/esp-15.2.0_20251204/riscv32-esp-elf/bin/../lib/gcc/riscv32-esp-elf/15.2.0/../../../../riscv32-esp-elf/bin/ld: /home/coder/.espressif/tools/riscv32-esp-elf/esp-15.2.0_20251204/riscv32-esp-elf/bin/../lib/gcc/riscv32-esp-elf/15.2.0/../../../../riscv32-esp-elf/lib/libc.a(libc_a-lseekr.o): in function `_lseek_r':
/builds/idf/crosstool-NG/.build/riscv32-esp-elf/src/newlib/newlib/libc/reent/lseekr.c:49:(.text._lseek_r+0x18): warning: _lseek is not implemented and will always fail
/home/coder/.espressif/tools/riscv32-esp-elf/esp-15.2.0_20251204/riscv32-esp-elf/bin/../lib/gcc/riscv32-esp-elf/15.2.0/../../../../riscv32-esp-elf/bin/ld: /home/coder/.espressif/tools/riscv32-esp-elf/esp-15.2.0_20251204/riscv32-esp-elf/bin/../lib/gcc/riscv32-esp-elf/15.2.0/../../../../riscv32-esp-elf/lib/libc.a(libc_a-readr.o): in function `_read_r':
/builds/idf/crosstool-NG/.build/riscv32-esp-elf/src/newlib/newlib/libc/reent/readr.c:49:(.text._read_r+0x18): warning: _read is not implemented and will always fail
/home/coder/.espressif/tools/riscv32-esp-elf/esp-15.2.0_20251204/riscv32-esp-elf/bin/../lib/gcc/riscv32-esp-elf/15.2.0/../../../../riscv32-esp-elf/bin/ld: /home/coder/.espressif/tools/riscv32-esp-elf/esp-15.2.0_20251204/riscv32-esp-elf/bin/../lib/gcc/riscv32-esp-elf/15.2.0/../../../../riscv32-esp-elf/lib/libc.a(libc_a-writer.o): in function `_write_r':
/builds/idf/crosstool-NG/.build/riscv32-esp-elf/src/newlib/newlib/libc/reent/writer.c:49:(.text._write_r+0x18): warning: _write is not implemented and will always fail
/home/coder/.espressif/tools/riscv32-esp-elf/esp-15.2.0_20251204/riscv32-esp-elf/bin/../lib/gcc/riscv32-esp-elf/15.2.0/../../../../riscv32-esp-elf/bin/ld: /home/coder/.espressif/tools/riscv32-esp-elf/esp-15.2.0_20251204/riscv32-esp-elf/bin/../lib/gcc/riscv32-esp-elf/15.2.0/../../../../riscv32-esp-elf/lib/libc.a(libc_a-fclose.o): in function `fclose':
/builds/idf/crosstool-NG/.build/riscv32-esp-elf/src/newlib/newlib/libc/stdio/fclose.c:125:(.text.fclose+0x6): warning: __getreent is not implemented and will always fail
collect2: error: ld returned 1 exit status


Compiling the CXX compiler identification source file "CMakeCXXCompilerId.cpp" failed.
Compiler: /home/coder/.espressif/tools/riscv32-esp-elf/esp-15.2.0_20251204/riscv32-esp-elf/bin/riscv32-esp-elf-g++ 
Build flags: @"/workspace/hello-p4/build/toolchain/cxxflags"
Id flags: -c 

The output was:
1
riscv32-esp-elf-g++: warning: @"/workspace/hello-p4/build/toolchain/cxxflags": linker input file unused because linking not done
riscv32-esp-elf-g++: error: @"/workspace/hello-p4/build/toolchain/cxxflags": linker input file not found: No such file or directory


Compiling the CXX compiler identification source file "CMakeCXXCompilerId.cpp" failed.
Compiler: /home/coder/.espressif/tools/riscv32-esp-elf/esp-15.2.0_20251204/riscv32-esp-elf/bin/riscv32-esp-elf-g++ 
Build flags: @"/workspace/hello-p4/build/toolchain/cxxflags"
Id flags: --c++ 

The output was:
1
riscv32-esp-elf-g++: error: unrecognized command-line option '--c++'


Compiling the CXX compiler identification source file "CMakeCXXCompilerId.cpp" failed.
Compiler: /home/coder/.espressif/tools/riscv32-esp-elf/esp-15.2.0_20251204/riscv32-esp-elf/bin/riscv32-esp-elf-g++ 
Build flags: @"/workspace/hello-p4/build/toolchain/cxxflags"
Id flags: --ec++ 

The output was:
1
riscv32-esp-elf-g++: error: unrecognized command-line option '--ec++'; did you mean '-Weffc++'?


Compiling the CXX compiler identification source file "CMakeCXXCompilerId.cpp" failed.
Compiler: /home/coder/.espressif/tools/riscv32-esp-elf/esp-15.2.0_20251204/riscv32-esp-elf/bin/riscv32-esp-elf-g++ 
Build flags: @"/workspace/hello-p4/build/toolchain/cxxflags"
Id flags: --target=arm-arm-none-eabi;-mcpu=cortex-m3 

The output was:
1
riscv32-esp-elf-g++: error: unrecognized command-line option '--target=arm-arm-none-eabi'


Compiling the CXX compiler identification source file "CMakeCXXCompilerId.cpp" failed.
Compiler: /home/coder/.espressif/tools/riscv32-esp-elf/esp-15.2.0_20251204/riscv32-esp-elf/bin/riscv32-esp-elf-g++ 
Build flags: @"/workspace/hello-p4/build/toolchain/cxxflags"
Id flags: -c;-I__does_not_exist__ 

The output was:
1
riscv32-esp-elf-g++: warning: @"/workspace/hello-p4/build/toolchain/cxxflags": linker input file unused because linking not done
riscv32-esp-elf-g++: error: @"/workspace/hello-p4/build/toolchain/cxxflags": linker input file not found: No such file or directory


